[lizzyminja.github.io/Coffeeshot/index.html]
[backblue.gif]
[fade.gif]
[index.html]
[lizzyminja.github.io/Coffeeshot/style.css]
[lizzyminja.github.io/Coffeeshot/script.js]
[lizzyminja.github.io/Coffeeshot/contact.html]
[lizzyminja.github.io/Coffeeshot/about.html]
[lizzyminja.github.io/Coffeeshot/gallery.html]
[lizzyminja.github.io/Coffeeshot/c65adcdff4fb1d23f03181ede351b1bc.jpg]
[lizzyminja.github.io/Coffeeshot/507bb4352c6cb87ae99ecc83698c80c2.jpg]
[lizzyminja.github.io/Coffeeshot/index.html]
[lizzyminja.github.io/Coffeeshot/style.css]
[lizzyminja.github.io/Coffeeshot/contact.html]
[lizzyminja.github.io/Coffeeshot/d1e538f53f461e20636aa48d6c944c36.jpg]
[lizzyminja.github.io/Coffeeshot/index-2.html]
[lizzyminja.github.io/Coffeeshot/e31221b29d12e9780cdd7a4884f0a99d.jpg]
[lizzyminja.github.io/Coffeeshot/about.html]
[lizzyminja.github.io/Coffeeshot/2eb21909f7b269089ffb9cdfb0dc5887.jpg]
[lizzyminja.github.io/Coffeeshot/02e5ac6ceca3eba6dbd70b8bc5ab91c3.jpg]
[lizzyminja.github.io/Coffeeshot/e9b7e596d74785a154e8634f7f841937.jpg]
[lizzyminja.github.io/Coffeeshot/gallery.html]
[lizzyminja.github.io/Coffeeshot/index-2.html]
